[solra.framer.website/index.html]
[backblue.gif]
[fade.gif]
[index.html]
[framerusercontent.com/images/9dLhSeJRy52ss0YmWvXRUL6BQg.png]
[framerusercontent.com/images/AG6t5aux1gPvKezh3kFK48Byc.png]
[framerusercontent.com/images/Hag3vGvb6vNLzLWug1ADI7CM9I.png]
[solra.framer.website/pricing.html]
[solra.framer.website/team.html]
[solra.framer.website/case-studies.html]
[solra.framer.website/blog.html]
[solra.framer.website/contact.html]
[framerusercontent.com/images/p0aIGbhSWyNSaebr7nD6E5da1cc6d8.png]
[framerusercontent.com/images/22zjWR83b0ZEMIlvHf8Kjl2YqM4cf7.png]
[framerusercontent.com/images/V3wM9H2EcvVX6ggMe7QuThYtg4cf7.png]
[framerusercontent.com/images/sq1ogvCZKlAqurPS07DhanWzo4cf7.png]
[framerusercontent.com/images/0OKOgFEdOeRLEipgxRk3fflmsBE4cf7.png]
[framerusercontent.com/images/W4Nd5XqorFlACXUFyT1NDJjaiTo4cf7.png]
[framerusercontent.com/images/eagUj6fdcOtLyUeB6liyehmZmo0a8ac.jpg]
[framerusercontent.com/images/OhdLFaH9XATxA1FAijJkw8Ik27b7.jpg]
[framerusercontent.com/images/xYXaT40oPcdpYAY013b3MZ9TEHMda7d.jpg]
[framerusercontent.com/images/5hQ7EkYzBfNg2leA5JGd1QtAa379.jpg]
[solra.framer.website/waitlist.html]
[solra.framer.website/changelog.html]
[solra.framer.website/careers.html]
[solra.framer.website/integrations.html]
[solra.framer.website/legal/privacy-policy.html]
[solra.framer.website/legal/terms-of-use.html]
[solra.framer.website/legal/licence.html]
[solra.framer.website/index.html]
[solra.framer.website/pricing.html]
[solra.framer.website/legal/cookies-policy.html]
[framerusercontent.com/images/e8t9804XG2Q8q46NaCcSvHOKRkQc7f9.png]
[framerusercontent.com/images/vxBfv7SIUCXUAojAtneXfpZYcs9a0f.png]
[framerusercontent.com/images/vJWskbD1shyFe75cAA2VHPkeRY7b29.png]
[framerusercontent.com/images/YjOWOyLvhMC7d75GfXrzCScoVp4de8f.png]
[framerusercontent.com/images/YjOWOyLvhMC7d75GfXrzCScoVp47511.png]
[solra.framer.website/team.html]
[solra.framer.website/case-studies/launched-in-48-hours-and-closed-first-paying-customer-the-same-week.html]
[framerusercontent.com/images/vJWskbD1shyFe75cAA2VHPkeRYc04c.png]
[solra.framer.website/case-studies/40-increase-in-trial-signups-after-switching-to-solra.html]
[framerusercontent.com/images/vxBfv7SIUCXUAojAtneXfpZYcsd48d.png]
[solra.framer.website/case-studies/from-zero-to-2-000-users-in-30-days.html]
[framerusercontent.com/images/e8t9804XG2Q8q46NaCcSvHOKRkQ57c5.png]
[solra.framer.website/case-studies.html]
[solra.framer.website/blog/why-your-ai-product-website-is-losing-you-customers-before-they-even-sign-up.html]
[framerusercontent.com/images/6nkXXY6TZvlf7IsBhLtVAczSdhMc0cf.jpg]
[solra.framer.website/blog/from-idea-to-first-customer-in-48-hours.html]
[framerusercontent.com/images/9ckzBpIY5qoqsiya3PTmpV1nX0b402.jpg]
[solra.framer.website/blog/why-aeo-is-the-new-seo-for-ai-product-founders-in-2026.html]
[framerusercontent.com/images/r58frtQ8hJT4hDd9Cfp7OIk0Icfa1.jpg]
[solra.framer.website/blog/the-5-sections-every-ai-saas-landing-page-needs-to-convert.html]
[framerusercontent.com/images/Ib76n7VQ34NGikyZ5hgMmVbOV414c9.jpg]
[solra.framer.website/blog/how-to-launch-your-ai-saas-faster-with-the-right-framer-template.html]
[framerusercontent.com/images/5LpqmpwfKskqaX3ZCQrR43iDnkc0cf.jpg]
[framerusercontent.com/images/6nkXXY6TZvlf7IsBhLtVAczSdhM1ff4.jpg]
[framerusercontent.com/images/9ckzBpIY5qoqsiya3PTmpV1nX0d5d5.jpg]
[framerusercontent.com/images/r58frtQ8hJT4hDd9Cfp7OIk0I1e7b.jpg]
[framerusercontent.com/images/Ib76n7VQ34NGikyZ5hgMmVbOV4494b.jpg]
[framerusercontent.com/images/5LpqmpwfKskqaX3ZCQrR43iDnkc032.jpg]
[solra.framer.website/blog.html]
[solra.framer.website/contact.html]
[solra.framer.website/waitlist.html]
[solra.framer.website/changelog.html]
[solra.framer.website/careers.html]
[solra.framer.website/integrations.html]
[solra.framer.website/legal/privacy-policy.html]
[solra.framer.website/legal/terms-of-use.html]
[solra.framer.website/legal/licence.html]
[solra.framer.website/legal/cookies-policy.html]
[solra.framer.website/case-studies/launched-in-48-hours-and-closed-first-paying-customer-the-same-week.html]
[solra.framer.website/case-studies/40-increase-in-trial-signups-after-switching-to-solra.html]
[solra.framer.website/case-studies/from-zero-to-2-000-users-in-30-days.html]
[solra.framer.website/blog/why-your-ai-product-website-is-losing-you-customers-before-they-even-sign-up.html]
[solra.framer.website/blog/from-idea-to-first-customer-in-48-hours.html]
[solra.framer.website/blog/why-aeo-is-the-new-seo-for-ai-product-founders-in-2026.html]
[solra.framer.website/blog/the-5-sections-every-ai-saas-landing-page-needs-to-convert.html]
[solra.framer.website/blog/how-to-launch-your-ai-saas-faster-with-the-right-framer-template.html]
